
> mocha-app@0.0.0 build
> tsc -b && vite build ; echo "Build exit code: $?"

src/react-app/components/charts/SubscriptionStatusChart.tsx(185,25): error TS2322: Type 'StatusAggregate[]' is not assignable to type 'ChartDataInput[]'.
  Type 'StatusAggregate' is not assignable to type 'ChartDataInput'.
    Index signature for type 'string' is missing in type 'StatusAggregate'.
src/react-app/pages/AssignmentDetail.tsx(1,31): error TS6133: 'useMemo' is declared but its value is never read.
src/react-app/pages/Communications.tsx(88,26): error TS2345: Argument of type '(prev: never[]) => any[]' is not assignable to parameter of type 'SetStateAction<never[]>'.
  Type '(prev: never[]) => any[]' is not assignable to type '(prevState: never[]) => never[]'.
    Type 'any[]' is not assignable to type 'never[]'.
      Type 'any' is not assignable to type 'never'.
src/react-app/pages/Communications.tsx(369,39): error TS2339: Property 'id' does not exist on type 'never'.
src/react-app/pages/Communications.tsx(374,70): error TS2339: Property 'title' does not exist on type 'never'.
src/react-app/pages/Communications.tsx(376,40): error TS2339: Property 'priority' does not exist on type 'never'.
src/react-app/pages/Communications.tsx(378,44): error TS2339: Property 'priority' does not exist on type 'never'.
src/react-app/pages/Communications.tsx(382,41): error TS2339: Property 'priority' does not exist on type 'never'.
src/react-app/pages/Communications.tsx(386,48): error TS2339: Property 'sender_name' does not exist on type 'never'.
src/react-app/pages/Communications.tsx(388,54): error TS2339: Property 'created_at' does not exist on type 'never'.
src/react-app/pages/Communications.tsx(392,47): error TS2339: Property 'recipient_type' does not exist on type 'never'.
src/react-app/pages/Communications.tsx(400,62): error TS2339: Property 'content' does not exist on type 'never'.
src/react-app/pages/Communications.tsx(426,34): error TS2339: Property 'id' does not exist on type 'never'.
src/react-app/pages/Communications.tsx(426,95): error TS2339: Property 'is_read' does not exist on type 'never'.
src/react-app/pages/Communications.tsx(431,62): error TS2339: Property 'title' does not exist on type 'never'.
src/react-app/pages/Communications.tsx(432,35): error TS2339: Property 'is_read' does not exist on type 'never'.
src/react-app/pages/Communications.tsx(437,46): error TS2339: Property 'sender_name' does not exist on type 'never'.
src/react-app/pages/Communications.tsx(439,49): error TS2339: Property 'created_at' does not exist on type 'never'.
src/react-app/pages/Communications.tsx(441,69): error TS2339: Property 'content' does not exist on type 'never'.
src/react-app/pages/CourseDetail.tsx(1,34): error TS6133: 'useMemo' is declared but its value is never read.
src/react-app/pages/CourseDetail.tsx(108,26): error TS6133: 'setResourceSaving' is declared but its value is never read.
src/react-app/pages/CourseDetail.tsx(109,30): error TS6133: 'setResourceDeletingId' is declared but its value is never read.
src/react-app/pages/CourseDetail.tsx(241,51): error TS6133: 'resourceId' is declared but its value is never read.
src/react-app/pages/CourseDetail.tsx(540,37): error TS2322: Type '{ children: Element; asChild: true; variant: "outline"; size: "sm"; }' is not assignable to type 'IntrinsicAttributes & ButtonProps & RefAttributes<HTMLButtonElement>'.
  Property 'asChild' does not exist on type 'IntrinsicAttributes & ButtonProps & RefAttributes<HTMLButtonElement>'.
src/react-app/pages/ExamDetail.tsx(1,31): error TS6133: 'useMemo' is declared but its value is never read.
src/react-app/pages/Leave.tsx(80,26): error TS2345: Argument of type '(prev: never[]) => any[]' is not assignable to parameter of type 'SetStateAction<never[]>'.
  Type '(prev: never[]) => any[]' is not assignable to type '(prevState: never[]) => never[]'.
    Type 'any[]' is not assignable to type 'never[]'.
      Type 'any' is not assignable to type 'never'.
src/react-app/pages/Leave.tsx(82,21): error TS2339: Property 'id' does not exist on type 'never'.
src/react-app/pages/Leave.tsx(83,19): error TS2698: Spread types may only be created from object types.
src/react-app/pages/Leave.tsx(122,26): error TS2345: Argument of type '(prev: never[]) => any[]' is not assignable to parameter of type 'SetStateAction<never[]>'.
  Type '(prev: never[]) => any[]' is not assignable to type '(prevState: never[]) => never[]'.
    Type 'any[]' is not assignable to type 'never[]'.
      Type 'any' is not assignable to type 'never'.
src/react-app/pages/Leave.tsx(202,47): error TS2339: Property 'id' does not exist on type 'never'.
src/react-app/pages/Leave.tsx(202,63): error TS2339: Property 'id' does not exist on type 'never'.
src/react-app/pages/Leave.tsx(203,33): error TS2339: Property 'name' does not exist on type 'never'.
src/react-app/pages/Leave.tsx(291,46): error TS2339: Property 'start_date' does not exist on type 'never'.
src/react-app/pages/Leave.tsx(291,66): error TS2339: Property 'end_date' does not exist on type 'never'.
src/react-app/pages/Leave.tsx(292,41): error TS2339: Property 'status' does not exist on type 'never'.
src/react-app/pages/Leave.tsx(292,82): error TS2339: Property 'status' does not exist on type 'never'.
src/react-app/pages/Leave.tsx(295,32): error TS2339: Property 'id' does not exist on type 'never'.
src/react-app/pages/Leave.tsx(303,63): error TS2339: Property 'staff_name' does not exist on type 'never'.
src/react-app/pages/Leave.tsx(304,77): error TS2339: Property 'leave_type_name' does not exist on type 'never'.
src/react-app/pages/Leave.tsx(307,132): error TS2339: Property 'status' does not exist on type 'never'.
src/react-app/pages/Leave.tsx(308,44): error TS2339: Property 'status' does not exist on type 'never'.
src/react-app/pages/Leave.tsx(318,41): error TS2339: Property 'start_date' does not exist on type 'never'.
src/react-app/pages/Leave.tsx(318,96): error TS2339: Property 'end_date' does not exist on type 'never'.
src/react-app/pages/Leave.tsx(326,50): error TS2339: Property 'created_at' does not exist on type 'never'.
src/react-app/pages/Leave.tsx(330,53): error TS2339: Property 'reason' does not exist on type 'never'.
src/react-app/pages/Leave.tsx(333,37): error TS2339: Property 'status' does not exist on type 'never'.
src/react-app/pages/Leave.tsx(337,64): error TS2339: Property 'id' does not exist on type 'never'.
src/react-app/pages/Leave.tsx(347,64): error TS2339: Property 'id' does not exist on type 'never'.
src/react-app/pages/Progress.tsx(2,10): error TS6133: 'TrendingUp' is declared but its value is never read.
src/react-app/pages/Progress.tsx(2,32): error TS6133: 'BookOpen' is declared but its value is never read.
src/react-app/pages/Progress.tsx(2,49): error TS6133: 'Clock' is declared but its value is never read.
src/react-app/pages/Progress.tsx(4,1): error TS6192: All imports in import declaration are unused.
src/react-app/pages/Progress.tsx(10,10): error TS6133: 'selectedChild' is declared but its value is never read.
src/react-app/pages/Progress.tsx(10,25): error TS6133: 'setSelectedChild' is declared but its value is never read.
src/react-app/pages/Reports.tsx(1,1): error TS6133: 'React' is declared but its value is never read.
src/react-app/pages/Staff.tsx(30,9): error TS6133: 'user' is declared but its value is never read.
src/react-app/pages/Staff.tsx(35,10): error TS6133: 'loading' is declared but its value is never read.
src/react-app/pages/Staff.tsx(121,22): error TS2345: Argument of type '(prev: never[]) => any[]' is not assignable to parameter of type 'SetStateAction<never[]>'.
  Type '(prev: never[]) => any[]' is not assignable to type '(prevState: never[]) => never[]'.
    Type 'any[]' is not assignable to type 'never[]'.
      Type 'any' is not assignable to type 'never'.
src/react-app/pages/Staff.tsx(123,17): error TS2339: Property 'id' does not exist on type 'never'.
src/react-app/pages/Staff.tsx(124,15): error TS2698: Spread types may only be created from object types.
src/react-app/pages/Staff.tsx(574,33): error TS2339: Property 'id' does not exist on type 'never'.
src/react-app/pages/Staff.tsx(579,37): error TS2339: Property 'avatar' does not exist on type 'never'.
src/react-app/pages/Staff.tsx(580,37): error TS2339: Property 'name' does not exist on type 'never'.
src/react-app/pages/Staff.tsx(586,64): error TS2339: Property 'id' does not exist on type 'never'.
src/react-app/pages/Staff.tsx(587,37): error TS2339: Property 'name' does not exist on type 'never'.
src/react-app/pages/Staff.tsx(590,70): error TS2339: Property 'role' does not exist on type 'never'.
src/react-app/pages/Staff.tsx(590,86): error TS2339: Property 'department' does not exist on type 'never'.
src/react-app/pages/Staff.tsx(597,59): error TS2339: Property 'email' does not exist on type 'never'.
src/react-app/pages/Staff.tsx(602,59): error TS2339: Property 'phone' does not exist on type 'never'.
src/react-app/pages/Staff.tsx(607,75): error TS2339: Property 'joinDate' does not exist on type 'never'.
src/react-app/pages/Staff.tsx(610,31): error TS2339: Property 'classAssigned' does not exist on type 'never'.
src/react-app/pages/Staff.tsx(612,84): error TS2339: Property 'classAssigned' does not exist on type 'never'.
src/react-app/pages/Staff.tsx(617,31): error TS2339: Property 'subject' does not exist on type 'never'.
src/react-app/pages/Staff.tsx(619,84): error TS2339: Property 'subject' does not exist on type 'never'.
src/react-app/pages/Staff.tsx(626,35): error TS2339: Property 'status' does not exist on type 'never'.
src/react-app/pages/Staff.tsx(647,50): error TS2339: Property 'status' does not exist on type 'never'.
src/react-app/pages/Staff.tsx(648,37): error TS2339: Property 'id' does not exist on type 'never'.
src/react-app/pages/Staff.tsx(654,62): error TS2339: Property 'staffName' does not exist on type 'never'.
src/react-app/pages/Staff.tsx(655,71): error TS2339: Property 'type' does not exist on type 'never'.
src/react-app/pages/Staff.tsx(655,88): error TS2339: Property 'days' does not exist on type 'never'.
src/react-app/pages/Staff.tsx(661,69): error TS2339: Property 'startDate' does not exist on type 'never'.
src/react-app/pages/Staff.tsx(665,69): error TS2339: Property 'endDate' does not exist on type 'never'.
src/react-app/pages/Staff.tsx(673,68): error TS2339: Property 'id' does not exist on type 'never'.
src/react-app/pages/Staff.tsx(682,68): error TS2339: Property 'id' does not exist on type 'never'.
src/react-app/pages/Staff.tsx(692,50): error TS2339: Property 'status' does not exist on type 'never'.
src/react-app/pages/Staff.tsx(707,50): error TS2339: Property 'status' does not exist on type 'never'.
src/react-app/pages/Staff.tsx(708,37): error TS2339: Property 'id' does not exist on type 'never'.
src/react-app/pages/Staff.tsx(714,62): error TS2339: Property 'staffName' does not exist on type 'never'.
src/react-app/pages/Staff.tsx(715,71): error TS2339: Property 'type' does not exist on type 'never'.
src/react-app/pages/Staff.tsx(715,88): error TS2339: Property 'days' does not exist on type 'never'.
src/react-app/pages/Staff.tsx(721,69): error TS2339: Property 'startDate' does not exist on type 'never'.
src/react-app/pages/Staff.tsx(725,69): error TS2339: Property 'endDate' does not exist on type 'never'.
src/react-app/pages/Staff.tsx(729,33): error TS2339: Property 'status' does not exist on type 'never'.
src/react-app/pages/Staff.tsx(733,34): error TS2339: Property 'status' does not exist on type 'never'.
src/react-app/pages/Students.tsx(97,10): error TS6133: 'isLoading' is declared but its value is never read.
src/react-app/pages/Students.tsx(272,21): error TS2345: Argument of type '(prev: never[]) => { id: any; name: string; email: string; grade: string; class: string; status: string; phone: string; parentGuardian: string; fees: string; }[]' is not assignable to parameter of type 'SetStateAction<never[]>'.
  Type '(prev: never[]) => { id: any; name: string; email: string; grade: string; class: string; status: string; phone: string; parentGuardian: string; fees: string; }[]' is not assignable to type '(prevState: never[]) => never[]'.
    Type '{ id: any; name: string; email: string; grade: string; class: string; status: string; phone: string; parentGuardian: string; fees: string; }[]' is not assignable to type 'never[]'.
      Type '{ id: any; name: string; email: string; grade: string; class: string; status: string; phone: string; parentGuardian: string; fees: string; }' is not assignable to type 'never'.
src/react-app/pages/Students.tsx(318,17): error TS2345: Argument of type '(prev: never[]) => any[]' is not assignable to parameter of type 'SetStateAction<never[]>'.
  Type '(prev: never[]) => any[]' is not assignable to type '(prevState: never[]) => never[]'.
    Type 'any[]' is not assignable to type 'never[]'.
      Type 'any' is not assignable to type 'never'.
src/react-app/pages/Students.tsx(319,15): error TS2339: Property 'id' does not exist on type 'never'.
src/react-app/pages/Students.tsx(320,13): error TS2698: Spread types may only be created from object types.
src/react-app/pages/Students.tsx(402,23): error TS2345: Argument of type '(prev: never[]) => any[]' is not assignable to parameter of type 'SetStateAction<never[]>'.
  Type '(prev: never[]) => any[]' is not assignable to type '(prevState: never[]) => never[]'.
    Type 'any[]' is not assignable to type 'never[]'.
      Type 'any' is not assignable to type 'never'.
src/react-app/pages/Students.tsx(403,114): error TS2339: Property 'id' does not exist on type 'never'.
src/react-app/pages/Students.tsx(408,15): error TS2698: Spread types may only be created from object types.
src/react-app/pages/Students.tsx(409,47): error TS2339: Property 'grade' does not exist on type 'never'.
src/react-app/pages/Students.tsx(410,49): error TS2339: Property 'status' does not exist on type 'never'.
src/react-app/pages/Students.tsx(775,30): error TS2339: Property 'id' does not exist on type 'never'.
src/react-app/pages/Students.tsx(785,64): error TS2339: Property 'id' does not exist on type 'never'.
src/react-app/pages/Students.tsx(786,34): error TS2339: Property 'name' does not exist on type 'never'.
src/react-app/pages/Students.tsx(789,67): error TS2339: Property 'email' does not exist on type 'never'.
src/react-app/pages/Students.tsx(795,79): error TS2339: Property 'grade' does not exist on type 'never'.
src/react-app/pages/Students.tsx(800,79): error TS2339: Property 'class' does not exist on type 'never'.
src/react-app/pages/Students.tsx(805,79): error TS2339: Property 'parentGuardian' does not exist on type 'never'.
src/react-app/pages/Students.tsx(810,79): error TS2339: Property 'fees' does not exist on type 'never'.
src/react-app/pages/Students.tsx(816,32): error TS2339: Property 'status' does not exist on type 'never'.
src/react-app/pages/Timetable.tsx(2,47): error TS6133: 'Loader2' is declared but its value is never read.
src/react-app/pages/Timetable.tsx(95,10): error TS6133: 'isLoading' is declared but its value is never read.
src/react-app/pages/Timetable.tsx(133,17): error TS2774: This condition will always return true since this function is always defined. Did you mean to call it instead?
vite.config.ts(7,29): error TS2559: Type 'ProcessEnv' has no properties in common with type 'MochaEnv'.
